../Core/Src/main.c:83:5:main	8	static
../Core/Src/main.c:161:6:SystemClock_Config	88	static
../Core/Src/main.c:207:13:MX_I2C1_Init	8	static
../Core/Src/main.c:241:13:MX_I2S3_Init	8	static
../Core/Src/main.c:275:13:MX_SPI1_Init	8	static
../Core/Src/main.c:313:13:MX_USART2_UART_Init	8	static
../Core/Src/main.c:344:13:MX_DMA_Init	16	static
../Core/Src/main.c:362:13:MX_GPIO_Init	56	static
../Core/Src/main.c:456:6:HAL_UART_RxCpltCallback	16	static
../Core/Src/main.c:472:6:Error_Handler	4	static,ignoring_inline_asm
