../Core/Src/main.c:83:5:main	8	static
../Core/Src/main.c:154:6:SystemClock_Config	88	static
../Core/Src/main.c:200:13:MX_I2C1_Init	8	static
../Core/Src/main.c:234:13:MX_I2S3_Init	8	static
../Core/Src/main.c:268:13:MX_SPI1_Init	8	static
../Core/Src/main.c:306:13:MX_USART2_UART_Init	8	static
../Core/Src/main.c:337:13:MX_DMA_Init	16	static
../Core/Src/main.c:355:13:MX_GPIO_Init	56	static
../Core/Src/main.c:449:6:HAL_UART_RxCpltCallback	16	static
../Core/Src/main.c:464:6:Error_Handler	4	static,ignoring_inline_asm
