23:32:35 **** Incremental Build of configuration Debug for project NUCLEO-L476RG ****
make -j8 all 
arm-none-eabi-gcc "../Core/Src/main.c" -mcpu=cortex-m4 -std=gnu11 -g3 -DDEBUG -DUSE_HAL_DRIVER -DSTM32L476xx -c -I../Core/Inc -I../Drivers/STM32L4xx_HAL_Driver/Inc -I../Drivers/STM32L4xx_HAL_Driver/Inc/Legacy -I../Drivers/CMSIS/Device/ST/STM32L4xx/Include -I../Drivers/CMSIS/Include -O0 -ffunction-sections -fdata-sections -Wall -fstack-usage -fcyclomatic-complexity -MMD -MP -MF"Core/Src/main.d" -MT"Core/Src/main.o" --specs=nano.specs -mfpu=fpv4-sp-d16 -mfloat-abi=hard -mthumb -o "Core/Src/main.o"
arm-none-eabi-gcc -o "NUCLEO-L476RG.elf" @"objects.list"   -mcpu=cortex-m4 -T"C:\Users\Operador\Documents\Entrega_Final\Projeto5\NUCLEO-L476RG\STM32L476RGTX_FLASH.ld" --specs=nosys.specs -Wl,-Map="NUCLEO-L476RG.map" -Wl,--gc-sections -static --specs=nano.specs -mfpu=fpv4-sp-d16 -mfloat-abi=hard -mthumb -Wl,--start-group -lc -lm -Wl,--end-group
Finished building target: NUCLEO-L476RG.elf
 
arm-none-eabi-size  NUCLEO-L476RG.elf 
arm-none-eabi-objdump -h -S NUCLEO-L476RG.elf  > "NUCLEO-L476RG.list"
   text	   data	    bss	    dec	    hex	filename
  32136	     92	   2364	  34592	   8720	NUCLEO-L476RG.elf
Finished building: default.size.stdout
 
Finished building: NUCLEO-L476RG.list
 
23:33:14 **** Incremental Build of configuration Debug for project NUCLEO-L476RG ****
make -j8 all 
arm-none-eabi-size  NUCLEO-L476RG.elf 
   text	   data	    bss	    dec	    hex	filename
  32136	     92	   2364	  34592	   8720	NUCLEO-L476RG.elf
Finished building: default.size.stdout
 
23:33:26 **** Incremental Build of configuration Debug for project NUCLEO-L476RG ****
make -j8 all 
arm-none-eabi-size  NUCLEO-L476RG.elf 
   text	   data	    bss	    dec	    hex	filename
  32136	     92	   2364	  34592	   8720	NUCLEO-L476RG.elf
Finished building: default.size.stdout
 
23:39:10 **** Incremental Build of configuration Debug for project NUCLEO-L476RG ****
make -j8 all 
arm-none-eabi-size  NUCLEO-L476RG.elf 
   text	   data	    bss	    dec	    hex	filename
  32136	     92	   2364	  34592	   8720	NUCLEO-L476RG.elf
Finished building: default.size.stdout
 
