00:36:08 **** Incremental Build of configuration Debug for project projeto_timer ****
make -j8 all 
arm-none-eabi-gcc "C:/Users/Operador/.gemini/antigravity/scratch/Projeto 6 - Timers/projeto_timer/Core/Src/stm32l4xx_it.c" -mcpu=cortex-m4 -std=gnu11 -g3 -DDEBUG -DUSE_HAL_DRIVER -DSTM32L476xx -c -I../../Core/Inc -I../../Drivers/STM32L4xx_HAL_Driver/Inc -I../../Drivers/STM32L4xx_HAL_Driver/Inc/Legacy -I../../Drivers/CMSIS/Device/ST/STM32L4xx/Include -I../../Drivers/CMSIS/Include -O0 -ffunction-sections -fdata-sections -Wall -fstack-usage -fcyclomatic-complexity -MMD -MP -MF"Application/User/Core/stm32l4xx_it.d" -MT"Application/User/Core/stm32l4xx_it.o" --specs=nano.specs -mfpu=fpv4-sp-d16 -mfloat-abi=hard -mthumb -o "Application/User/Core/stm32l4xx_it.o"
arm-none-eabi-gcc -o "projeto_timer.elf" @"objects.list"   -mcpu=cortex-m4 -T"C:\Users\Operador\.gemini\antigravity\scratch\Projeto 6 - Timers\projeto_timer\STM32CubeIDE\STM32L476RGTX_FLASH.ld" --specs=nosys.specs -Wl,-Map="projeto_timer.map" -Wl,--gc-sections -static --specs=nano.specs -mfpu=fpv4-sp-d16 -mfloat-abi=hard -mthumb -Wl,--start-group -lc -lm -Wl,--end-group
Finished building target: projeto_timer.elf
 
arm-none-eabi-size  projeto_timer.elf 
arm-none-eabi-objdump -h -S projeto_timer.elf  > "projeto_timer.list"
   text	   data	    bss	    dec	    hex	filename
  36772	    108	   2540	  39420	   99fc	projeto_timer.elf
Finished building: default.size.stdout
 
Finished building: projeto_timer.list
 
00:36:15 **** Incremental Build of configuration Debug for project projeto_timer ****
make -j8 all 
arm-none-eabi-size  projeto_timer.elf 
   text	   data	    bss	    dec	    hex	filename
  36772	    108	   2540	  39420	   99fc	projeto_timer.elf
Finished building: default.size.stdout
 
