../Core/Src/main.c:85:5:main	80	static
../Core/Src/main.c:177:6:SystemClock_Config	96	static
../Core/Src/main.c:227:13:MX_I2C1_Init	8	static
../Core/Src/main.c:275:13:MX_USART2_UART_Init	8	static
../Core/Src/main.c:310:13:MX_GPIO_Init	48	static
../Core/Src/main.c:347:6:HAL_UART_RxCpltCallback	16	static
../Core/Src/main.c:360:6:HAL_I2C_MasterTxCpltCallback	16	static
../Core/Src/main.c:368:6:HAL_I2C_MasterRxCpltCallback	16	static
../Core/Src/main.c:379:6:Error_Handler	4	static,ignoring_inline_asm
