../Core/Src/main.c:105:6:MAX7219_Write_IT	16	static
../Core/Src/main.c:112:6:Desenhar_Matriz	24	static
../Core/Src/main.c:128:5:main	48	static
../Core/Src/main.c:223:6:SystemClock_Config	96	static
../Core/Src/main.c:273:13:MX_I2C1_Init	8	static
../Core/Src/main.c:321:13:MX_SPI1_Init	8	static
../Core/Src/main.c:361:13:MX_TIM6_Init	24	static
../Core/Src/main.c:399:13:MX_USART2_UART_Init	8	static
../Core/Src/main.c:434:13:MX_GPIO_Init	48	static
../Core/Src/main.c:471:6:HAL_UART_RxCpltCallback	16	static
../Core/Src/main.c:486:6:HAL_SPI_TxCpltCallback	16	static
../Core/Src/main.c:494:6:HAL_TIM_PeriodElapsedCallback	16	static
../Core/Src/main.c:509:6:HAL_I2C_MasterTxCpltCallback	16	static
../Core/Src/main.c:518:6:HAL_I2C_MasterRxCpltCallback	16	static
../Core/Src/main.c:525:6:HAL_I2C_ErrorCallback	16	static,ignoring_inline_asm
../Core/Src/main.c:538:6:Error_Handler	4	static,ignoring_inline_asm
